SUMMARY OF C0NVERGENCE INFORMATION
  STEP   INC  ATT   ITER     CONT.   RESID.        CORR.      RESID.      CORR.
                              EL.    FORCE         DISP       FLUX        TEMP.
                              (#)     (%)           (%)        (%)         (%)
     1     1     1     1        0  0.1899E+02  0.1000E+03  0.0000E+00  0.0000E+00
     1     1     1     2        0  0.0000E+00  0.1165E-01  0.0000E+00  0.0000E+00
     1     2     1     1        0  0.0000E+00  0.2330E-01  0.0000E+00  0.0000E+00
     1     2     1     2        0  0.0000E+00  0.1855E-05  0.0000E+00  0.0000E+00
     1     3     1     1        0  0.0000E+00  0.2915E-01  0.0000E+00  0.0000E+00
     1     3     1     2        0  0.0000E+00  0.4044E-05  0.0000E+00  0.0000E+00
     1     4     1     1        0  0.0000E+00  0.4086E-01  0.0000E+00  0.0000E+00
     1     4     1     2        0  0.0000E+00  0.8798E-05  0.0000E+00  0.0000E+00
     1     5     1     1        0  0.0000E+00  0.4676E-01  0.0000E+00  0.0000E+00
     1     5     1     2        0  0.0000E+00  0.1389E-04  0.0000E+00  0.0000E+00
     1     6     1     1        0  0.0000E+00  0.4682E-01  0.0000E+00  0.0000E+00
     1     6     1     2        0  0.0000E+00  0.1786E-04  0.0000E+00  0.0000E+00
     1     7     1     1        0  0.0000E+00  0.4689E-01  0.0000E+00  0.0000E+00
     1     7     1     2        0  0.0000E+00  0.2185E-04  0.0000E+00  0.0000E+00
     1     8     1     1        0  0.0000E+00  0.4696E-01  0.0000E+00  0.0000E+00
     1     8     1     2        0  0.0000E+00  0.2587E-04  0.0000E+00  0.0000E+00
     1     9     1     1        0  0.4468E-02  0.4702E-01  0.0000E+00  0.0000E+00
     1     9     1     2        0  0.0000E+00  0.2992E-04  0.0000E+00  0.0000E+00
     1    10     1     1        0  0.4498E-02  0.4709E-01  0.0000E+00  0.0000E+00
     1    10     1     2        0  0.0000E+00  0.3400E-04  0.0000E+00  0.0000E+00
     1    11     1     1        0  0.4523E-02  0.4715E-01  0.0000E+00  0.0000E+00
     1    11     1     2        0  0.0000E+00  0.3810E-04  0.0000E+00  0.0000E+00
     1    12     1     1        0  0.0000E+00  0.2950E-01  0.0000E+00  0.0000E+00
     1    12     1     2        0  0.0000E+00  0.2510E-04  0.0000E+00  0.0000E+00
