SUMMARY OF C0NVERGENCE INFORMATION
  STEP   INC  ATT   ITER     CONT.   RESID.        CORR.      RESID.      CORR.
                              EL.    FORCE         DISP       FLUX        TEMP.
                              (#)     (%)           (%)        (%)         (%)
     1     1     1     1        0  0.5693E+02  0.1000E+03  0.0000E+00  0.0000E+00
     1     1     1     2        0  0.0000E+00  0.3495E-01  0.0000E+00  0.0000E+00
     1     2     1     1        0  0.0000E+00  0.7001E-01  0.0000E+00  0.0000E+00
     1     2     1     2        0  0.0000E+00  0.1481E-04  0.0000E+00  0.0000E+00
     1     3     1     1        0  0.1458E-01  0.8772E-01  0.0000E+00  0.0000E+00
     1     3     1     2        0  0.0000E+00  0.3165E-04  0.0000E+00  0.0000E+00
     1     4     1     1        0  0.3101E-01  0.1232E+00  0.0000E+00  0.0000E+00
     1     4     1     2        0  0.0000E+00  0.6553E-04  0.0000E+00  0.0000E+00
     1     5     1     1        0  0.3781E-01  0.1413E+00  0.0000E+00  0.0000E+00
     1     5     1     2        0  0.0000E+00  0.1057E-03  0.0000E+00  0.0000E+00
     1     6     1     1        0  0.3934E-01  0.1457E+00  0.0000E+00  0.0000E+00
     1     6     1     2        0  0.0000E+00  0.1404E-03  0.0000E+00  0.0000E+00
     1     7     1     1        0  0.4039E-01  0.1576E+00  0.0000E+00  0.0000E+00
     1     7     1     2        0  0.0000E+00  0.1759E-03  0.0000E+00  0.0000E+00
     1     8     1     1        0  0.4118E-01  0.1693E+00  0.0000E+00  0.0000E+00
     1     8     1     2        0  0.0000E+00  0.2120E-03  0.0000E+00  0.0000E+00
     1     9     1     1        0  0.4183E-01  0.1806E+00  0.0000E+00  0.0000E+00
     1     9     1     2        0  0.0000E+00  0.2487E-03  0.0000E+00  0.0000E+00
     1    10     1     1        0  0.4238E-01  0.1916E+00  0.0000E+00  0.0000E+00
     1    10     1     2        0  0.0000E+00  0.2860E-03  0.0000E+00  0.0000E+00
     1    11     1     1        0  0.4286E-01  0.2023E+00  0.0000E+00  0.0000E+00
     1    11     1     2        0  0.0000E+00  0.3240E-03  0.0000E+00  0.0000E+00
     1    12     1     1        0  0.6411E-02  0.1315E+00  0.0000E+00  0.0000E+00
     1    12     1     2        0  0.0000E+00  0.2348E-03  0.0000E+00  0.0000E+00
