SUMMARY OF C0NVERGENCE INFORMATION
  STEP   INC  ATT   ITER     CONT.   RESID.        CORR.      RESID.      CORR.
                              EL.    FORCE         DISP       FLUX        TEMP.
                              (#)     (%)           (%)        (%)         (%)
     1     1     1     1        0  0.9496E+01  0.1000E+03  0.0000E+00  0.0000E+00
     1     1     1     2        0  0.0000E+00  0.5823E-02  0.0000E+00  0.0000E+00
     1     2     1     1        0  0.0000E+00  0.1165E-01  0.0000E+00  0.0000E+00
     1     2     1     2        0  0.0000E+00  0.4761E-06  0.0000E+00  0.0000E+00
     1     3     1     1        0  0.0000E+00  0.1457E-01  0.0000E+00  0.0000E+00
     1     3     1     2        0  0.0000E+00  0.1040E-05  0.0000E+00  0.0000E+00
     1     4     1     1        0  0.0000E+00  0.2040E-01  0.0000E+00  0.0000E+00
     1     4     1     2        0  0.0000E+00  0.2278E-05  0.0000E+00  0.0000E+00
     1     5     1     1        0  0.0000E+00  0.2333E-01  0.0000E+00  0.0000E+00
     1     5     1     2        0  0.0000E+00  0.3573E-05  0.0000E+00  0.0000E+00
     1     6     1     1        0  0.0000E+00  0.2335E-01  0.0000E+00  0.0000E+00
     1     6     1     2        0  0.0000E+00  0.4560E-05  0.0000E+00  0.0000E+00
     1     7     1     1        0  0.0000E+00  0.2337E-01  0.0000E+00  0.0000E+00
     1     7     1     2        0  0.0000E+00  0.5550E-05  0.0000E+00  0.0000E+00
     1     8     1     1        0  0.0000E+00  0.2338E-01  0.0000E+00  0.0000E+00
     1     8     1     2        0  0.0000E+00  0.6544E-05  0.0000E+00  0.0000E+00
     1     9     1     1        0  0.0000E+00  0.2340E-01  0.0000E+00  0.0000E+00
     1     9     1     2        0  0.0000E+00  0.7541E-05  0.0000E+00  0.0000E+00
     1    10     1     1        0  0.0000E+00  0.2342E-01  0.0000E+00  0.0000E+00
     1    10     1     2        0  0.0000E+00  0.8541E-05  0.0000E+00  0.0000E+00
     1    11     1     1        0  0.0000E+00  0.2343E-01  0.0000E+00  0.0000E+00
     1    11     1     2        0  0.0000E+00  0.9545E-05  0.0000E+00  0.0000E+00
     1    12     1     1        0  0.0000E+00  0.1465E-01  0.0000E+00  0.0000E+00
     1    12     1     2        0  0.0000E+00  0.6215E-05  0.0000E+00  0.0000E+00
