SUMMARY OF C0NVERGENCE INFORMATION
  STEP   INC  ATT   ITER     CONT.   RESID.        CORR.      RESID.      CORR.
                              EL.    FORCE         DISP       FLUX        TEMP.
                              (#)     (%)           (%)        (%)         (%)
     1     1     1     1        0  0.2848E+02  0.1000E+03  0.0000E+00  0.0000E+00
     1     1     1     2        0  0.0000E+00  0.1747E-01  0.0000E+00  0.0000E+00
     1     2     1     1        0  0.0000E+00  0.3497E-01  0.0000E+00  0.0000E+00
     1     2     1     2        0  0.0000E+00  0.4060E-05  0.0000E+00  0.0000E+00
     1     3     1     1        0  0.0000E+00  0.4376E-01  0.0000E+00  0.0000E+00
     1     3     1     2        0  0.0000E+00  0.8822E-05  0.0000E+00  0.0000E+00
     1     4     1     1        0  0.7800E-02  0.6137E-01  0.0000E+00  0.0000E+00
     1     4     1     2        0  0.0000E+00  0.1903E-04  0.0000E+00  0.0000E+00
     1     5     1     1        0  0.9431E-02  0.7027E-01  0.0000E+00  0.0000E+00
     1     5     1     2        0  0.0000E+00  0.3022E-04  0.0000E+00  0.0000E+00
     1     6     1     1        0  0.9730E-02  0.7042E-01  0.0000E+00  0.0000E+00
     1     6     1     2        0  0.0000E+00  0.3915E-04  0.0000E+00  0.0000E+00
     1     7     1     1        0  0.9919E-02  0.7056E-01  0.0000E+00  0.0000E+00
     1     7     1     2        0  0.0000E+00  0.4817E-04  0.0000E+00  0.0000E+00
     1     8     1     1        0  0.1006E-01  0.7071E-01  0.0000E+00  0.0000E+00
     1     8     1     2        0  0.0000E+00  0.5729E-04  0.0000E+00  0.0000E+00
     1     9     1     1        0  0.1016E-01  0.7085E-01  0.0000E+00  0.0000E+00
     1     9     1     2        0  0.0000E+00  0.6649E-04  0.0000E+00  0.0000E+00
     1    10     1     1        0  0.1025E-01  0.7372E-01  0.0000E+00  0.0000E+00
     1    10     1     2        0  0.0000E+00  0.7577E-04  0.0000E+00  0.0000E+00
     1    11     1     1        0  0.1033E-01  0.7670E-01  0.0000E+00  0.0000E+00
     1    11     1     2        0  0.0000E+00  0.8514E-04  0.0000E+00  0.0000E+00
     1    12     1     1        0  0.0000E+00  0.4934E-01  0.0000E+00  0.0000E+00
     1    12     1     2        0  0.0000E+00  0.5716E-04  0.0000E+00  0.0000E+00
